// Jest Snapshot v1, https://goo.gl/fbAQLP

exports[`MovieCard is rendered correctly 1`] = `
<article
  className="small-movie-card catalog__movies-card"
  id={1}
  onClick={[Function]}
  onMouseOut={[Function]}
  onMouseOver={[Function]}
>
  <div
    className="small-movie-card__image"
  />
  <h3
    className="small-movie-card__title"
  >
    <a
      className="small-movie-card__link"
      href="#"
    >
      Macbeth
    </a>
  </h3>
</article>
`;
